[     178ms] [INFO] %cDownload the React DevTools for a better development experience: https://react.dev/link/react-devtools font-weight:bold @ http://localhost:3001/node_modules/.vite/deps/react-dom_client.js?v=0221216b:20102
[     287ms] [ERROR] Failed to load resource: the server responded with a status of 404 () @ http://localhost:8080/api/posts:0
[     293ms] [ERROR] Failed to load resource: the server responded with a status of 404 () @ http://localhost:8080/api/connections:0
[     292ms] ApiError: GET /api/connections failed with 404
    at request (http://localhost:3001/services/apiClient.ts:35:11)
[  698196ms] [ERROR] Error handled by React Router default ErrorBoundary: Error: useAuth must be used within an AuthProvider
    at useAuth (http://localhost:3001/services/auth.tsx:63:19)
    at AuthGate (http://localhost:3001/components/auth/AuthGate.tsx:7:31)
    at Object.react_stack_bottom_frame (http://localhost:3001/node_modules/.vite/deps/react-dom_client.js?v=0221216b:18509:20)
    at renderWithHooks (http://localhost:3001/node_modules/.vite/deps/react-dom_client.js?v=0221216b:5654:24)
    at updateFunctionComponent (http://localhost:3001/node_modules/.vite/deps/react-dom_client.js?v=0221216b:7475:21)
    at beginWork (http://localhost:3001/node_modules/.vite/deps/react-dom_client.js?v=0221216b:8525:20)
    at runWithFiberInDEV (http://localhost:3001/node_modules/.vite/deps/react-dom_client.js?v=0221216b:997:72)
    at performUnitOfWork (http://localhost:3001/node_modules/.vite/deps/react-dom_client.js?v=0221216b:12561:98)
    at workLoopSync (http://localhost:3001/node_modules/.vite/deps/react-dom_client.js?v=0221216b:12424:43)
    at renderRootSync (http://localhost:3001/node_modules/.vite/deps/react-dom_client.js?v=0221216b:12408:13) @ http://localhost:3001/node_modules/.vite/deps/react-router-dom.js?v=0221216b:6569
[  698202ms] [ERROR] Error handled by React Router default ErrorBoundary: Error: useAuth must be used within an AuthProvider
    at useAuth (http://localhost:3001/services/auth.tsx:63:19)
    at AuthGate (http://localhost:3001/components/auth/AuthGate.tsx:7:31)
    at Object.react_stack_bottom_frame (http://localhost:3001/node_modules/.vite/deps/react-dom_client.js?v=0221216b:18509:20)
    at renderWithHooks (http://localhost:3001/node_modules/.vite/deps/react-dom_client.js?v=0221216b:5654:24)
    at updateFunctionComponent (http://localhost:3001/node_modules/.vite/deps/react-dom_client.js?v=0221216b:7475:21)
    at beginWork (http://localhost:3001/node_modules/.vite/deps/react-dom_client.js?v=0221216b:8525:20)
    at runWithFiberInDEV (http://localhost:3001/node_modules/.vite/deps/react-dom_client.js?v=0221216b:997:72)
    at performUnitOfWork (http://localhost:3001/node_modules/.vite/deps/react-dom_client.js?v=0221216b:12561:98)
    at workLoopSync (http://localhost:3001/node_modules/.vite/deps/react-dom_client.js?v=0221216b:12424:43)
    at renderRootSync (http://localhost:3001/node_modules/.vite/deps/react-dom_client.js?v=0221216b:12408:13) @ http://localhost:3001/node_modules/.vite/deps/react-router-dom.js?v=0221216b:6569
[  698206ms] [ERROR] %o

%s

%s
 Error: useAuth must be used within an AuthProvider
    at useAuth (http://localhost:3001/services/auth.tsx:63:19)
    at AuthGate (http://localhost:3001/components/auth/AuthGate.tsx:7:31)
    at Object.react_stack_bottom_frame (http://localhost:3001/node_modules/.vite/deps/react-dom_client.js?v=0221216b:18509:20)
    at renderWithHooks (http://localhost:3001/node_modules/.vite/deps/react-dom_client.js?v=0221216b:5654:24)
    at updateFunctionComponent (http://localhost:3001/node_modules/.vite/deps/react-dom_client.js?v=0221216b:7475:21)
    at beginWork (http://localhost:3001/node_modules/.vite/deps/react-dom_client.js?v=0221216b:8525:20)
    at runWithFiberInDEV (http://localhost:3001/node_modules/.vite/deps/react-dom_client.js?v=0221216b:997:72)
    at performUnitOfWork (http://localhost:3001/node_modules/.vite/deps/react-dom_client.js?v=0221216b:12561:98)
    at workLoopSync (http://localhost:3001/node_modules/.vite/deps/react-dom_client.js?v=0221216b:12424:43)
    at renderRootSync (http://localhost:3001/node_modules/.vite/deps/react-dom_client.js?v=0221216b:12408:13) The above error occurred in the <AuthGate> component. React will try to recreate this component tree from scratch using the error boundary you provided, RenderErrorBoundary. @ http://localhost:3001/node_modules/.vite/deps/react-dom_client.js?v=0221216b:7000
[  698207ms] [ERROR] React Router caught the following error during render Error: useAuth must be used within an AuthProvider
    at useAuth (http://localhost:3001/services/auth.tsx:63:19)
    at AuthGate (http://localhost:3001/components/auth/AuthGate.tsx:7:31)
    at Object.react_stack_bottom_frame (http://localhost:3001/node_modules/.vite/deps/react-dom_client.js?v=0221216b:18509:20)
    at renderWithHooks (http://localhost:3001/node_modules/.vite/deps/react-dom_client.js?v=0221216b:5654:24)
    at updateFunctionComponent (http://localhost:3001/node_modules/.vite/deps/react-dom_client.js?v=0221216b:7475:21)
    at beginWork (http://localhost:3001/node_modules/.vite/deps/react-dom_client.js?v=0221216b:8525:20)
    at runWithFiberInDEV (http://localhost:3001/node_modules/.vite/deps/react-dom_client.js?v=0221216b:997:72)
    at performUnitOfWork (http://localhost:3001/node_modules/.vite/deps/react-dom_client.js?v=0221216b:12561:98)
    at workLoopSync (http://localhost:3001/node_modules/.vite/deps/react-dom_client.js?v=0221216b:12424:43)
    at renderRootSync (http://localhost:3001/node_modules/.vite/deps/react-dom_client.js?v=0221216b:12408:13) @ http://localhost:3001/node_modules/.vite/deps/react-router-dom.js?v=0221216b:6608
[  698870ms] [INFO] %cDownload the React DevTools for a better development experience: https://react.dev/link/react-devtools font-weight:bold @ http://localhost:3001/node_modules/.vite/deps/react-dom_client.js?v=0221216b:20102
[  699241ms] [ERROR] Failed to load resource: the server responded with a status of 404 () @ http://localhost:8080/api/posts:0
[  699241ms] [ERROR] Failed to load resource: the server responded with a status of 404 () @ http://localhost:8080/api/connections:0
[  699243ms] ApiError: GET /api/connections failed with 404
    at request (http://localhost:3001/services/apiClient.ts?t=1788005358353:35:11)
[  719339ms] [INFO] %cDownload the React DevTools for a better development experience: https://react.dev/link/react-devtools font-weight:bold @ http://localhost:3001/node_modules/.vite/deps/react-dom_client.js?v=0221216b:20102
[  719573ms] [ERROR] Failed to load resource: the server responded with a status of 404 () @ http://localhost:8080/api/posts:0
[  719580ms] [ERROR] Failed to load resource: the server responded with a status of 404 () @ http://localhost:8080/api/connections:0
[  719585ms] ApiError: GET /api/connections failed with 404
    at request (http://localhost:3001/services/apiClient.ts?t=1788005358353:35:11)
[  723776ms] [INFO] %cDownload the React DevTools for a better development experience: https://react.dev/link/react-devtools font-weight:bold @ http://localhost:3001/node_modules/.vite/deps/react-dom_client.js?v=0221216b:20102
[  723902ms] [ERROR] Failed to load resource: the server responded with a status of 404 () @ http://localhost:8080/api/connections:0
[  723904ms] ApiError: GET /api/connections failed with 404
    at request (http://localhost:3001/services/apiClient.ts?t=1788005358353:35:11)
[  723915ms] [ERROR] Failed to load resource: the server responded with a status of 404 () @ http://localhost:8080/api/posts:0
[  728531ms] [INFO] %cDownload the React DevTools for a better development experience: https://react.dev/link/react-devtools font-weight:bold @ http://localhost:3001/node_modules/.vite/deps/react-dom_client.js?v=0221216b:20102
[  728708ms] [ERROR] Failed to load resource: the server responded with a status of 404 () @ http://localhost:8080/api/posts:0
[  728711ms] [ERROR] Failed to load resource: the server responded with a status of 404 () @ http://localhost:8080/api/connections:0
[  728714ms] ApiError: GET /api/connections failed with 404
    at request (http://localhost:3001/services/apiClient.ts?t=1788005358353:35:11)
[  741510ms] [INFO] %cDownload the React DevTools for a better development experience: https://react.dev/link/react-devtools font-weight:bold @ http://localhost:3001/node_modules/.vite/deps/react-dom_client.js?v=0221216b:20102
[  741702ms] [ERROR] Failed to load resource: the server responded with a status of 404 () @ http://localhost:8080/api/posts:0
[  741703ms] [ERROR] Failed to load resource: the server responded with a status of 404 () @ http://localhost:8080/api/connections:0
[  741704ms] ApiError: GET /api/connections failed with 404
    at request (http://localhost:3001/services/apiClient.ts?t=1788005358353:35:11)
[  746024ms] [INFO] %cDownload the React DevTools for a better development experience: https://react.dev/link/react-devtools font-weight:bold @ http://localhost:3001/node_modules/.vite/deps/react-dom_client.js?v=0221216b:20102
[  746233ms] [ERROR] Failed to load resource: the server responded with a status of 404 () @ http://localhost:8080/api/posts:0
[  746234ms] [ERROR] Failed to load resource: the server responded with a status of 404 () @ http://localhost:8080/api/connections:0
[  746238ms] ApiError: GET /api/connections failed with 404
    at request (http://localhost:3001/services/apiClient.ts?t=1788005358353:35:11)
[  751611ms] [INFO] %cDownload the React DevTools for a better development experience: https://react.dev/link/react-devtools font-weight:bold @ http://localhost:3001/node_modules/.vite/deps/react-dom_client.js?v=0221216b:20102
[  751747ms] [ERROR] Failed to load resource: the server responded with a status of 404 () @ http://localhost:8080/api/connections:0
[  751747ms] ApiError: GET /api/connections failed with 404
    at request (http://localhost:3001/services/apiClient.ts?t=1788005358353:35:11)
[  751753ms] [ERROR] Failed to load resource: the server responded with a status of 404 () @ http://localhost:8080/api/posts:0
[  759994ms] [INFO] %cDownload the React DevTools for a better development experience: https://react.dev/link/react-devtools font-weight:bold @ http://localhost:3001/node_modules/.vite/deps/react-dom_client.js?v=0221216b:20102
[  760164ms] [ERROR] Failed to load resource: the server responded with a status of 404 () @ http://localhost:8080/api/connections:0
[  760164ms] [ERROR] Failed to load resource: the server responded with a status of 404 () @ http://localhost:8080/api/posts:0
[  760169ms] ApiError: GET /api/connections failed with 404
    at request (http://localhost:3001/services/apiClient.ts?t=1788005358353:35:11)
[  786954ms] [INFO] %cDownload the React DevTools for a better development experience: https://react.dev/link/react-devtools font-weight:bold @ http://localhost:3001/node_modules/.vite/deps/react-dom_client.js?v=0221216b:20102
[  787116ms] [ERROR] Failed to load resource: the server responded with a status of 404 () @ http://localhost:8080/api/connections:0
[  787117ms] [ERROR] Failed to load resource: the server responded with a status of 404 () @ http://localhost:8080/api/posts:0
[  787119ms] ApiError: GET /api/connections failed with 404
    at request (http://localhost:3001/services/apiClient.ts?t=1788005358353:35:11)
[  838974ms] [INFO] %cDownload the React DevTools for a better development experience: https://react.dev/link/react-devtools font-weight:bold @ http://localhost:3001/node_modules/.vite/deps/react-dom_client.js?v=0221216b:20102
[  839222ms] [ERROR] Failed to load resource: the server responded with a status of 404 () @ http://localhost:8080/api/posts:0
[  839223ms] [ERROR] Failed to load resource: the server responded with a status of 404 () @ http://localhost:8080/api/connections:0
[  839226ms] ApiError: GET /api/connections failed with 404
    at request (http://localhost:3001/services/apiClient.ts?t=1788005358353:35:11)
[  858968ms] [INFO] %cDownload the React DevTools for a better development experience: https://react.dev/link/react-devtools font-weight:bold @ http://localhost:3001/node_modules/.vite/deps/react-dom_client.js?v=0221216b:20102
[  859164ms] [ERROR] Failed to load resource: the server responded with a status of 404 () @ http://localhost:8080/api/connections:0
[  859167ms] ApiError: GET /api/connections failed with 404
    at request (http://localhost:3001/services/apiClient.ts?t=1788005358353:35:11)
[  859170ms] [ERROR] Failed to load resource: the server responded with a status of 404 () @ http://localhost:8080/api/posts:0
[  919547ms] [INFO] %cDownload the React DevTools for a better development experience: https://react.dev/link/react-devtools font-weight:bold @ http://localhost:3001/node_modules/.vite/deps/react-dom_client.js?v=0221216b:20102
[  919771ms] [ERROR] Failed to load resource: the server responded with a status of 404 () @ http://localhost:8080/api/connections:0
[  919772ms] [ERROR] Failed to load resource: the server responded with a status of 404 () @ http://localhost:8080/api/posts:0
[  919775ms] ApiError: GET /api/connections failed with 404
    at request (http://localhost:3001/services/apiClient.ts?t=1788005358353:35:11)
[  976528ms] [INFO] %cDownload the React DevTools for a better development experience: https://react.dev/link/react-devtools font-weight:bold @ http://localhost:3001/node_modules/.vite/deps/react-dom_client.js?v=0221216b:20102
[  976729ms] [ERROR] Failed to load resource: the server responded with a status of 404 () @ http://localhost:8080/api/posts:0
[  976737ms] [ERROR] Failed to load resource: the server responded with a status of 404 () @ http://localhost:8080/api/connections:0
[  976738ms] ApiError: GET /api/connections failed with 404
    at request (http://localhost:3001/services/apiClient.ts?t=1788005358353:35:11)
