[     501ms] [INFO] %cDownload the React DevTools for a better development experience: https://react.dev/link/react-devtools font-weight:bold @ http://localhost:3001/node_modules/.vite/deps/react-dom_client.js?v=0221216b:20102
[     636ms] [ERROR] Failed to load resource: the server responded with a status of 404 () @ http://localhost:8080/api/connections:0
[     657ms] [ERROR] Failed to load resource: the server responded with a status of 404 () @ http://localhost:8080/api/posts:0
[     677ms] ApiError: GET /api/connections failed with 404
    at request (http://localhost:3001/services/apiClient.ts?t=1788006516156:35:11)
[  383278ms] [INFO] %cDownload the React DevTools for a better development experience: https://react.dev/link/react-devtools font-weight:bold @ http://localhost:3001/node_modules/.vite/deps/react-dom_client.js?v=0221216b:20102
[  383455ms] [ERROR] Failed to load resource: the server responded with a status of 404 () @ http://localhost:8080/api/connections:0
[  383456ms] ApiError: GET /api/connections failed with 404
    at request (http://localhost:3001/services/apiClient.ts?t=1788006516156:35:11)
[  383458ms] [ERROR] Failed to load resource: the server responded with a status of 404 () @ http://localhost:8080/api/posts:0
[ 4376512ms] [ERROR] Error handled by React Router default ErrorBoundary: Error: useAuth must be used within an AuthProvider
    at useAuth (http://localhost:3001/services/auth.tsx?t=1788006516156:63:19)
    at AuthGate (http://localhost:3001/components/auth/AuthGate.tsx?t=1788006516156:7:31)
    at Object.react_stack_bottom_frame (http://localhost:3001/node_modules/.vite/deps/react-dom_client.js?v=0221216b:18509:20)
    at renderWithHooks (http://localhost:3001/node_modules/.vite/deps/react-dom_client.js?v=0221216b:5654:24)
    at updateFunctionComponent (http://localhost:3001/node_modules/.vite/deps/react-dom_client.js?v=0221216b:7475:21)
    at beginWork (http://localhost:3001/node_modules/.vite/deps/react-dom_client.js?v=0221216b:8525:20)
    at runWithFiberInDEV (http://localhost:3001/node_modules/.vite/deps/react-dom_client.js?v=0221216b:997:72)
    at performUnitOfWork (http://localhost:3001/node_modules/.vite/deps/react-dom_client.js?v=0221216b:12561:98)
    at workLoopSync (http://localhost:3001/node_modules/.vite/deps/react-dom_client.js?v=0221216b:12424:43)
    at renderRootSync (http://localhost:3001/node_modules/.vite/deps/react-dom_client.js?v=0221216b:12408:13) @ http://localhost:3001/node_modules/.vite/deps/react-router-dom.js?v=0221216b:6569
[ 4376516ms] [ERROR] Error handled by React Router default ErrorBoundary: Error: useAuth must be used within an AuthProvider
    at useAuth (http://localhost:3001/services/auth.tsx?t=1788006516156:63:19)
    at AuthGate (http://localhost:3001/components/auth/AuthGate.tsx?t=1788006516156:7:31)
    at Object.react_stack_bottom_frame (http://localhost:3001/node_modules/.vite/deps/react-dom_client.js?v=0221216b:18509:20)
    at renderWithHooks (http://localhost:3001/node_modules/.vite/deps/react-dom_client.js?v=0221216b:5654:24)
    at updateFunctionComponent (http://localhost:3001/node_modules/.vite/deps/react-dom_client.js?v=0221216b:7475:21)
    at beginWork (http://localhost:3001/node_modules/.vite/deps/react-dom_client.js?v=0221216b:8525:20)
    at runWithFiberInDEV (http://localhost:3001/node_modules/.vite/deps/react-dom_client.js?v=0221216b:997:72)
    at performUnitOfWork (http://localhost:3001/node_modules/.vite/deps/react-dom_client.js?v=0221216b:12561:98)
    at workLoopSync (http://localhost:3001/node_modules/.vite/deps/react-dom_client.js?v=0221216b:12424:43)
    at renderRootSync (http://localhost:3001/node_modules/.vite/deps/react-dom_client.js?v=0221216b:12408:13) @ http://localhost:3001/node_modules/.vite/deps/react-router-dom.js?v=0221216b:6569
[ 4376519ms] [ERROR] %o

%s

%s
 Error: useAuth must be used within an AuthProvider
    at useAuth (http://localhost:3001/services/auth.tsx?t=1788006516156:63:19)
    at AuthGate (http://localhost:3001/components/auth/AuthGate.tsx?t=1788006516156:7:31)
    at Object.react_stack_bottom_frame (http://localhost:3001/node_modules/.vite/deps/react-dom_client.js?v=0221216b:18509:20)
    at renderWithHooks (http://localhost:3001/node_modules/.vite/deps/react-dom_client.js?v=0221216b:5654:24)
    at updateFunctionComponent (http://localhost:3001/node_modules/.vite/deps/react-dom_client.js?v=0221216b:7475:21)
    at beginWork (http://localhost:3001/node_modules/.vite/deps/react-dom_client.js?v=0221216b:8525:20)
    at runWithFiberInDEV (http://localhost:3001/node_modules/.vite/deps/react-dom_client.js?v=0221216b:997:72)
    at performUnitOfWork (http://localhost:3001/node_modules/.vite/deps/react-dom_client.js?v=0221216b:12561:98)
    at workLoopSync (http://localhost:3001/node_modules/.vite/deps/react-dom_client.js?v=0221216b:12424:43)
    at renderRootSync (http://localhost:3001/node_modules/.vite/deps/react-dom_client.js?v=0221216b:12408:13) The above error occurred in the <AuthGate> component. React will try to recreate this component tree from scratch using the error boundary you provided, RenderErrorBoundary. @ http://localhost:3001/node_modules/.vite/deps/react-dom_client.js?v=0221216b:7000
[ 4376520ms] [ERROR] React Router caught the following error during render Error: useAuth must be used within an AuthProvider
    at useAuth (http://localhost:3001/services/auth.tsx?t=1788006516156:63:19)
    at AuthGate (http://localhost:3001/components/auth/AuthGate.tsx?t=1788006516156:7:31)
    at Object.react_stack_bottom_frame (http://localhost:3001/node_modules/.vite/deps/react-dom_client.js?v=0221216b:18509:20)
    at renderWithHooks (http://localhost:3001/node_modules/.vite/deps/react-dom_client.js?v=0221216b:5654:24)
    at updateFunctionComponent (http://localhost:3001/node_modules/.vite/deps/react-dom_client.js?v=0221216b:7475:21)
    at beginWork (http://localhost:3001/node_modules/.vite/deps/react-dom_client.js?v=0221216b:8525:20)
    at runWithFiberInDEV (http://localhost:3001/node_modules/.vite/deps/react-dom_client.js?v=0221216b:997:72)
    at performUnitOfWork (http://localhost:3001/node_modules/.vite/deps/react-dom_client.js?v=0221216b:12561:98)
    at workLoopSync (http://localhost:3001/node_modules/.vite/deps/react-dom_client.js?v=0221216b:12424:43)
    at renderRootSync (http://localhost:3001/node_modules/.vite/deps/react-dom_client.js?v=0221216b:12408:13) @ http://localhost:3001/node_modules/.vite/deps/react-router-dom.js?v=0221216b:6608
[ 4377261ms] [INFO] %cDownload the React DevTools for a better development experience: https://react.dev/link/react-devtools font-weight:bold @ http://localhost:3001/node_modules/.vite/deps/react-dom_client.js?v=0221216b:20102
[ 4377386ms] [ERROR] Failed to load resource: the server responded with a status of 404 () @ http://localhost:8080/api/connections:0
[ 4377386ms] [ERROR] Failed to load resource: the server responded with a status of 404 () @ http://localhost:8080/api/posts:0
[ 4377389ms] ApiError: GET /api/connections failed with 404
    at request (http://localhost:3001/services/apiClient.ts?t=1788011118455:35:11)
[ 4384731ms] [ERROR] Error handled by React Router default ErrorBoundary: Error: useAuth must be used within an AuthProvider
    at useAuth (http://localhost:3001/services/auth.tsx?t=1788011118455:63:19)
    at AuthGate (http://localhost:3001/components/auth/AuthGate.tsx?t=1788011118455:7:31)
    at Object.react_stack_bottom_frame (http://localhost:3001/node_modules/.vite/deps/react-dom_client.js?v=0221216b:18509:20)
    at renderWithHooks (http://localhost:3001/node_modules/.vite/deps/react-dom_client.js?v=0221216b:5654:24)
    at updateFunctionComponent (http://localhost:3001/node_modules/.vite/deps/react-dom_client.js?v=0221216b:7475:21)
    at beginWork (http://localhost:3001/node_modules/.vite/deps/react-dom_client.js?v=0221216b:8525:20)
    at runWithFiberInDEV (http://localhost:3001/node_modules/.vite/deps/react-dom_client.js?v=0221216b:997:72)
    at performUnitOfWork (http://localhost:3001/node_modules/.vite/deps/react-dom_client.js?v=0221216b:12561:98)
    at workLoopSync (http://localhost:3001/node_modules/.vite/deps/react-dom_client.js?v=0221216b:12424:43)
    at renderRootSync (http://localhost:3001/node_modules/.vite/deps/react-dom_client.js?v=0221216b:12408:13) @ http://localhost:3001/node_modules/.vite/deps/react-router-dom.js?v=0221216b:6569
[ 4384735ms] [ERROR] Error handled by React Router default ErrorBoundary: Error: useAuth must be used within an AuthProvider
    at useAuth (http://localhost:3001/services/auth.tsx?t=1788011118455:63:19)
    at AuthGate (http://localhost:3001/components/auth/AuthGate.tsx?t=1788011118455:7:31)
    at Object.react_stack_bottom_frame (http://localhost:3001/node_modules/.vite/deps/react-dom_client.js?v=0221216b:18509:20)
    at renderWithHooks (http://localhost:3001/node_modules/.vite/deps/react-dom_client.js?v=0221216b:5654:24)
    at updateFunctionComponent (http://localhost:3001/node_modules/.vite/deps/react-dom_client.js?v=0221216b:7475:21)
    at beginWork (http://localhost:3001/node_modules/.vite/deps/react-dom_client.js?v=0221216b:8525:20)
    at runWithFiberInDEV (http://localhost:3001/node_modules/.vite/deps/react-dom_client.js?v=0221216b:997:72)
    at performUnitOfWork (http://localhost:3001/node_modules/.vite/deps/react-dom_client.js?v=0221216b:12561:98)
    at workLoopSync (http://localhost:3001/node_modules/.vite/deps/react-dom_client.js?v=0221216b:12424:43)
    at renderRootSync (http://localhost:3001/node_modules/.vite/deps/react-dom_client.js?v=0221216b:12408:13) @ http://localhost:3001/node_modules/.vite/deps/react-router-dom.js?v=0221216b:6569
[ 4384739ms] [ERROR] %o

%s

%s
 Error: useAuth must be used within an AuthProvider
    at useAuth (http://localhost:3001/services/auth.tsx?t=1788011118455:63:19)
    at AuthGate (http://localhost:3001/components/auth/AuthGate.tsx?t=1788011118455:7:31)
    at Object.react_stack_bottom_frame (http://localhost:3001/node_modules/.vite/deps/react-dom_client.js?v=0221216b:18509:20)
    at renderWithHooks (http://localhost:3001/node_modules/.vite/deps/react-dom_client.js?v=0221216b:5654:24)
    at updateFunctionComponent (http://localhost:3001/node_modules/.vite/deps/react-dom_client.js?v=0221216b:7475:21)
    at beginWork (http://localhost:3001/node_modules/.vite/deps/react-dom_client.js?v=0221216b:8525:20)
    at runWithFiberInDEV (http://localhost:3001/node_modules/.vite/deps/react-dom_client.js?v=0221216b:997:72)
    at performUnitOfWork (http://localhost:3001/node_modules/.vite/deps/react-dom_client.js?v=0221216b:12561:98)
    at workLoopSync (http://localhost:3001/node_modules/.vite/deps/react-dom_client.js?v=0221216b:12424:43)
    at renderRootSync (http://localhost:3001/node_modules/.vite/deps/react-dom_client.js?v=0221216b:12408:13) The above error occurred in the <AuthGate> component. React will try to recreate this component tree from scratch using the error boundary you provided, RenderErrorBoundary. @ http://localhost:3001/node_modules/.vite/deps/react-dom_client.js?v=0221216b:7000
[ 4384740ms] [ERROR] React Router caught the following error during render Error: useAuth must be used within an AuthProvider
    at useAuth (http://localhost:3001/services/auth.tsx?t=1788011118455:63:19)
    at AuthGate (http://localhost:3001/components/auth/AuthGate.tsx?t=1788011118455:7:31)
    at Object.react_stack_bottom_frame (http://localhost:3001/node_modules/.vite/deps/react-dom_client.js?v=0221216b:18509:20)
    at renderWithHooks (http://localhost:3001/node_modules/.vite/deps/react-dom_client.js?v=0221216b:5654:24)
    at updateFunctionComponent (http://localhost:3001/node_modules/.vite/deps/react-dom_client.js?v=0221216b:7475:21)
    at beginWork (http://localhost:3001/node_modules/.vite/deps/react-dom_client.js?v=0221216b:8525:20)
    at runWithFiberInDEV (http://localhost:3001/node_modules/.vite/deps/react-dom_client.js?v=0221216b:997:72)
    at performUnitOfWork (http://localhost:3001/node_modules/.vite/deps/react-dom_client.js?v=0221216b:12561:98)
    at workLoopSync (http://localhost:3001/node_modules/.vite/deps/react-dom_client.js?v=0221216b:12424:43)
    at renderRootSync (http://localhost:3001/node_modules/.vite/deps/react-dom_client.js?v=0221216b:12408:13) @ http://localhost:3001/node_modules/.vite/deps/react-router-dom.js?v=0221216b:6608
[ 4385260ms] [INFO] %cDownload the React DevTools for a better development experience: https://react.dev/link/react-devtools font-weight:bold @ http://localhost:3001/node_modules/.vite/deps/react-dom_client.js?v=0221216b:20102
[ 4385378ms] [ERROR] Failed to load resource: the server responded with a status of 404 () @ http://localhost:8080/api/connections:0
[ 4385378ms] [ERROR] Failed to load resource: the server responded with a status of 404 () @ http://localhost:8080/api/posts:0
[ 4385382ms] ApiError: GET /api/connections failed with 404
    at request (http://localhost:3001/services/apiClient.ts?t=1788011126731:35:11)
[ 4390337ms] [INFO] %cDownload the React DevTools for a better development experience: https://react.dev/link/react-devtools font-weight:bold @ http://localhost:3001/node_modules/.vite/deps/react-dom_client.js?v=0221216b:20102
[ 4390449ms] [ERROR] Failed to load resource: the server responded with a status of 404 () @ http://localhost:8080/api/connections:0
[ 4390449ms] [ERROR] Failed to load resource: the server responded with a status of 404 () @ http://localhost:8080/api/posts:0
[ 4390451ms] ApiError: GET /api/connections failed with 404
    at request (http://localhost:3001/services/apiClient.ts?t=1788011126731:35:11)
[ 4485785ms] [INFO] %cDownload the React DevTools for a better development experience: https://react.dev/link/react-devtools font-weight:bold @ http://localhost:3001/node_modules/.vite/deps/react-dom_client.js?v=0221216b:20102
[ 4485971ms] [ERROR] Failed to load resource: the server responded with a status of 404 () @ http://localhost:8080/api/connections:0
[ 4485972ms] [ERROR] Failed to load resource: the server responded with a status of 404 () @ http://localhost:8080/api/posts:0
[ 4485974ms] ApiError: GET /api/connections failed with 404
    at request (http://localhost:3001/services/apiClient.ts?t=1788011126731:35:11)
[ 4554819ms] [ERROR] Error handled by React Router default ErrorBoundary: Error: useAuth must be used within an AuthProvider
    at useAuth (http://localhost:3001/services/auth.tsx?t=1788011126731:63:19)
    at AuthGate (http://localhost:3001/components/auth/AuthGate.tsx?t=1788011126731:7:31)
    at Object.react_stack_bottom_frame (http://localhost:3001/node_modules/.vite/deps/react-dom_client.js?v=0221216b:18509:20)
    at renderWithHooks (http://localhost:3001/node_modules/.vite/deps/react-dom_client.js?v=0221216b:5654:24)
    at updateFunctionComponent (http://localhost:3001/node_modules/.vite/deps/react-dom_client.js?v=0221216b:7475:21)
    at beginWork (http://localhost:3001/node_modules/.vite/deps/react-dom_client.js?v=0221216b:8525:20)
    at runWithFiberInDEV (http://localhost:3001/node_modules/.vite/deps/react-dom_client.js?v=0221216b:997:72)
    at performUnitOfWork (http://localhost:3001/node_modules/.vite/deps/react-dom_client.js?v=0221216b:12561:98)
    at workLoopSync (http://localhost:3001/node_modules/.vite/deps/react-dom_client.js?v=0221216b:12424:43)
    at renderRootSync (http://localhost:3001/node_modules/.vite/deps/react-dom_client.js?v=0221216b:12408:13) @ http://localhost:3001/node_modules/.vite/deps/react-router-dom.js?v=0221216b:6569
[ 4554823ms] [ERROR] Error handled by React Router default ErrorBoundary: Error: useAuth must be used within an AuthProvider
    at useAuth (http://localhost:3001/services/auth.tsx?t=1788011126731:63:19)
    at AuthGate (http://localhost:3001/components/auth/AuthGate.tsx?t=1788011126731:7:31)
    at Object.react_stack_bottom_frame (http://localhost:3001/node_modules/.vite/deps/react-dom_client.js?v=0221216b:18509:20)
    at renderWithHooks (http://localhost:3001/node_modules/.vite/deps/react-dom_client.js?v=0221216b:5654:24)
    at updateFunctionComponent (http://localhost:3001/node_modules/.vite/deps/react-dom_client.js?v=0221216b:7475:21)
    at beginWork (http://localhost:3001/node_modules/.vite/deps/react-dom_client.js?v=0221216b:8525:20)
    at runWithFiberInDEV (http://localhost:3001/node_modules/.vite/deps/react-dom_client.js?v=0221216b:997:72)
    at performUnitOfWork (http://localhost:3001/node_modules/.vite/deps/react-dom_client.js?v=0221216b:12561:98)
    at workLoopSync (http://localhost:3001/node_modules/.vite/deps/react-dom_client.js?v=0221216b:12424:43)
    at renderRootSync (http://localhost:3001/node_modules/.vite/deps/react-dom_client.js?v=0221216b:12408:13) @ http://localhost:3001/node_modules/.vite/deps/react-router-dom.js?v=0221216b:6569
[ 4554826ms] [ERROR] %o

%s

%s
 Error: useAuth must be used within an AuthProvider
    at useAuth (http://localhost:3001/services/auth.tsx?t=1788011126731:63:19)
    at AuthGate (http://localhost:3001/components/auth/AuthGate.tsx?t=1788011126731:7:31)
    at Object.react_stack_bottom_frame (http://localhost:3001/node_modules/.vite/deps/react-dom_client.js?v=0221216b:18509:20)
    at renderWithHooks (http://localhost:3001/node_modules/.vite/deps/react-dom_client.js?v=0221216b:5654:24)
    at updateFunctionComponent (http://localhost:3001/node_modules/.vite/deps/react-dom_client.js?v=0221216b:7475:21)
    at beginWork (http://localhost:3001/node_modules/.vite/deps/react-dom_client.js?v=0221216b:8525:20)
    at runWithFiberInDEV (http://localhost:3001/node_modules/.vite/deps/react-dom_client.js?v=0221216b:997:72)
    at performUnitOfWork (http://localhost:3001/node_modules/.vite/deps/react-dom_client.js?v=0221216b:12561:98)
    at workLoopSync (http://localhost:3001/node_modules/.vite/deps/react-dom_client.js?v=0221216b:12424:43)
    at renderRootSync (http://localhost:3001/node_modules/.vite/deps/react-dom_client.js?v=0221216b:12408:13) The above error occurred in the <AuthGate> component. React will try to recreate this component tree from scratch using the error boundary you provided, RenderErrorBoundary. @ http://localhost:3001/node_modules/.vite/deps/react-dom_client.js?v=0221216b:7000
[ 4554827ms] [ERROR] React Router caught the following error during render Error: useAuth must be used within an AuthProvider
    at useAuth (http://localhost:3001/services/auth.tsx?t=1788011126731:63:19)
    at AuthGate (http://localhost:3001/components/auth/AuthGate.tsx?t=1788011126731:7:31)
    at Object.react_stack_bottom_frame (http://localhost:3001/node_modules/.vite/deps/react-dom_client.js?v=0221216b:18509:20)
    at renderWithHooks (http://localhost:3001/node_modules/.vite/deps/react-dom_client.js?v=0221216b:5654:24)
    at updateFunctionComponent (http://localhost:3001/node_modules/.vite/deps/react-dom_client.js?v=0221216b:7475:21)
    at beginWork (http://localhost:3001/node_modules/.vite/deps/react-dom_client.js?v=0221216b:8525:20)
    at runWithFiberInDEV (http://localhost:3001/node_modules/.vite/deps/react-dom_client.js?v=0221216b:997:72)
    at performUnitOfWork (http://localhost:3001/node_modules/.vite/deps/react-dom_client.js?v=0221216b:12561:98)
    at workLoopSync (http://localhost:3001/node_modules/.vite/deps/react-dom_client.js?v=0221216b:12424:43)
    at renderRootSync (http://localhost:3001/node_modules/.vite/deps/react-dom_client.js?v=0221216b:12408:13) @ http://localhost:3001/node_modules/.vite/deps/react-router-dom.js?v=0221216b:6608
[ 4554854ms] [ERROR] Error handled by React Router default ErrorBoundary: Error: useAuth must be used within an AuthProvider
    at useAuth (http://localhost:3001/services/auth.tsx?t=1788011126731:63:19)
    at AuthGate (http://localhost:3001/components/auth/AuthGate.tsx?t=1788011126731:7:31)
    at Object.react_stack_bottom_frame (http://localhost:3001/node_modules/.vite/deps/react-dom_client.js?v=0221216b:18509:20)
    at renderWithHooks (http://localhost:3001/node_modules/.vite/deps/react-dom_client.js?v=0221216b:5654:24)
    at updateFunctionComponent (http://localhost:3001/node_modules/.vite/deps/react-dom_client.js?v=0221216b:7475:21)
    at beginWork (http://localhost:3001/node_modules/.vite/deps/react-dom_client.js?v=0221216b:8525:20)
    at runWithFiberInDEV (http://localhost:3001/node_modules/.vite/deps/react-dom_client.js?v=0221216b:997:72)
    at performUnitOfWork (http://localhost:3001/node_modules/.vite/deps/react-dom_client.js?v=0221216b:12561:98)
    at workLoopSync (http://localhost:3001/node_modules/.vite/deps/react-dom_client.js?v=0221216b:12424:43)
    at renderRootSync (http://localhost:3001/node_modules/.vite/deps/react-dom_client.js?v=0221216b:12408:13) @ http://localhost:3001/node_modules/.vite/deps/react-router-dom.js?v=0221216b:6569
[ 4554857ms] [ERROR] Error handled by React Router default ErrorBoundary: Error: useAuth must be used within an AuthProvider
    at useAuth (http://localhost:3001/services/auth.tsx?t=1788011126731:63:19)
    at AuthGate (http://localhost:3001/components/auth/AuthGate.tsx?t=1788011126731:7:31)
    at Object.react_stack_bottom_frame (http://localhost:3001/node_modules/.vite/deps/react-dom_client.js?v=0221216b:18509:20)
    at renderWithHooks (http://localhost:3001/node_modules/.vite/deps/react-dom_client.js?v=0221216b:5654:24)
    at updateFunctionComponent (http://localhost:3001/node_modules/.vite/deps/react-dom_client.js?v=0221216b:7475:21)
    at beginWork (http://localhost:3001/node_modules/.vite/deps/react-dom_client.js?v=0221216b:8525:20)
    at runWithFiberInDEV (http://localhost:3001/node_modules/.vite/deps/react-dom_client.js?v=0221216b:997:72)
    at performUnitOfWork (http://localhost:3001/node_modules/.vite/deps/react-dom_client.js?v=0221216b:12561:98)
    at workLoopSync (http://localhost:3001/node_modules/.vite/deps/react-dom_client.js?v=0221216b:12424:43)
    at renderRootSync (http://localhost:3001/node_modules/.vite/deps/react-dom_client.js?v=0221216b:12408:13) @ http://localhost:3001/node_modules/.vite/deps/react-router-dom.js?v=0221216b:6569
[ 4554860ms] [ERROR] %o

%s

%s
 Error: useAuth must be used within an AuthProvider
    at useAuth (http://localhost:3001/services/auth.tsx?t=1788011126731:63:19)
    at AuthGate (http://localhost:3001/components/auth/AuthGate.tsx?t=1788011126731:7:31)
    at Object.react_stack_bottom_frame (http://localhost:3001/node_modules/.vite/deps/react-dom_client.js?v=0221216b:18509:20)
    at renderWithHooks (http://localhost:3001/node_modules/.vite/deps/react-dom_client.js?v=0221216b:5654:24)
    at updateFunctionComponent (http://localhost:3001/node_modules/.vite/deps/react-dom_client.js?v=0221216b:7475:21)
    at beginWork (http://localhost:3001/node_modules/.vite/deps/react-dom_client.js?v=0221216b:8525:20)
    at runWithFiberInDEV (http://localhost:3001/node_modules/.vite/deps/react-dom_client.js?v=0221216b:997:72)
    at performUnitOfWork (http://localhost:3001/node_modules/.vite/deps/react-dom_client.js?v=0221216b:12561:98)
    at workLoopSync (http://localhost:3001/node_modules/.vite/deps/react-dom_client.js?v=0221216b:12424:43)
    at renderRootSync (http://localhost:3001/node_modules/.vite/deps/react-dom_client.js?v=0221216b:12408:13) The above error occurred in the <AuthGate> component. React will try to recreate this component tree from scratch using the error boundary you provided, RenderErrorBoundary. @ http://localhost:3001/node_modules/.vite/deps/react-dom_client.js?v=0221216b:7000
[ 4554862ms] [ERROR] React Router caught the following error during render Error: useAuth must be used within an AuthProvider
    at useAuth (http://localhost:3001/services/auth.tsx?t=1788011126731:63:19)
    at AuthGate (http://localhost:3001/components/auth/AuthGate.tsx?t=1788011126731:7:31)
    at Object.react_stack_bottom_frame (http://localhost:3001/node_modules/.vite/deps/react-dom_client.js?v=0221216b:18509:20)
    at renderWithHooks (http://localhost:3001/node_modules/.vite/deps/react-dom_client.js?v=0221216b:5654:24)
    at updateFunctionComponent (http://localhost:3001/node_modules/.vite/deps/react-dom_client.js?v=0221216b:7475:21)
    at beginWork (http://localhost:3001/node_modules/.vite/deps/react-dom_client.js?v=0221216b:8525:20)
    at runWithFiberInDEV (http://localhost:3001/node_modules/.vite/deps/react-dom_client.js?v=0221216b:997:72)
    at performUnitOfWork (http://localhost:3001/node_modules/.vite/deps/react-dom_client.js?v=0221216b:12561:98)
    at workLoopSync (http://localhost:3001/node_modules/.vite/deps/react-dom_client.js?v=0221216b:12424:43)
    at renderRootSync (http://localhost:3001/node_modules/.vite/deps/react-dom_client.js?v=0221216b:12408:13) @ http://localhost:3001/node_modules/.vite/deps/react-router-dom.js?v=0221216b:6608
[ 4554904ms] [ERROR] Error handled by React Router default ErrorBoundary: Error: useAuth must be used within an AuthProvider
    at useAuth (http://localhost:3001/services/auth.tsx?t=1788011126731:63:19)
    at AuthGate (http://localhost:3001/components/auth/AuthGate.tsx?t=1788011126731:7:31)
    at Object.react_stack_bottom_frame (http://localhost:3001/node_modules/.vite/deps/react-dom_client.js?v=0221216b:18509:20)
    at renderWithHooks (http://localhost:3001/node_modules/.vite/deps/react-dom_client.js?v=0221216b:5654:24)
    at updateFunctionComponent (http://localhost:3001/node_modules/.vite/deps/react-dom_client.js?v=0221216b:7475:21)
    at beginWork (http://localhost:3001/node_modules/.vite/deps/react-dom_client.js?v=0221216b:8525:20)
    at runWithFiberInDEV (http://localhost:3001/node_modules/.vite/deps/react-dom_client.js?v=0221216b:997:72)
    at performUnitOfWork (http://localhost:3001/node_modules/.vite/deps/react-dom_client.js?v=0221216b:12561:98)
    at workLoopSync (http://localhost:3001/node_modules/.vite/deps/react-dom_client.js?v=0221216b:12424:43)
    at renderRootSync (http://localhost:3001/node_modules/.vite/deps/react-dom_client.js?v=0221216b:12408:13) @ http://localhost:3001/node_modules/.vite/deps/react-router-dom.js?v=0221216b:6569
[ 4554907ms] [ERROR] Error handled by React Router default ErrorBoundary: Error: useAuth must be used within an AuthProvider
    at useAuth (http://localhost:3001/services/auth.tsx?t=1788011126731:63:19)
    at AuthGate (http://localhost:3001/components/auth/AuthGate.tsx?t=1788011126731:7:31)
    at Object.react_stack_bottom_frame (http://localhost:3001/node_modules/.vite/deps/react-dom_client.js?v=0221216b:18509:20)
    at renderWithHooks (http://localhost:3001/node_modules/.vite/deps/react-dom_client.js?v=0221216b:5654:24)
    at updateFunctionComponent (http://localhost:3001/node_modules/.vite/deps/react-dom_client.js?v=0221216b:7475:21)
    at beginWork (http://localhost:3001/node_modules/.vite/deps/react-dom_client.js?v=0221216b:8525:20)
    at runWithFiberInDEV (http://localhost:3001/node_modules/.vite/deps/react-dom_client.js?v=0221216b:997:72)
    at performUnitOfWork (http://localhost:3001/node_modules/.vite/deps/react-dom_client.js?v=0221216b:12561:98)
    at workLoopSync (http://localhost:3001/node_modules/.vite/deps/react-dom_client.js?v=0221216b:12424:43)
    at renderRootSync (http://localhost:3001/node_modules/.vite/deps/react-dom_client.js?v=0221216b:12408:13) @ http://localhost:3001/node_modules/.vite/deps/react-router-dom.js?v=0221216b:6569
[ 4554911ms] [ERROR] %o

%s

%s
 Error: useAuth must be used within an AuthProvider
    at useAuth (http://localhost:3001/services/auth.tsx?t=1788011126731:63:19)
    at AuthGate (http://localhost:3001/components/auth/AuthGate.tsx?t=1788011126731:7:31)
    at Object.react_stack_bottom_frame (http://localhost:3001/node_modules/.vite/deps/react-dom_client.js?v=0221216b:18509:20)
    at renderWithHooks (http://localhost:3001/node_modules/.vite/deps/react-dom_client.js?v=0221216b:5654:24)
    at updateFunctionComponent (http://localhost:3001/node_modules/.vite/deps/react-dom_client.js?v=0221216b:7475:21)
    at beginWork (http://localhost:3001/node_modules/.vite/deps/react-dom_client.js?v=0221216b:8525:20)
    at runWithFiberInDEV (http://localhost:3001/node_modules/.vite/deps/react-dom_client.js?v=0221216b:997:72)
    at performUnitOfWork (http://localhost:3001/node_modules/.vite/deps/react-dom_client.js?v=0221216b:12561:98)
    at workLoopSync (http://localhost:3001/node_modules/.vite/deps/react-dom_client.js?v=0221216b:12424:43)
    at renderRootSync (http://localhost:3001/node_modules/.vite/deps/react-dom_client.js?v=0221216b:12408:13) The above error occurred in the <AuthGate> component. React will try to recreate this component tree from scratch using the error boundary you provided, RenderErrorBoundary. @ http://localhost:3001/node_modules/.vite/deps/react-dom_client.js?v=0221216b:7000
[ 4554912ms] [ERROR] React Router caught the following error during render Error: useAuth must be used within an AuthProvider
    at useAuth (http://localhost:3001/services/auth.tsx?t=1788011126731:63:19)
    at AuthGate (http://localhost:3001/components/auth/AuthGate.tsx?t=1788011126731:7:31)
    at Object.react_stack_bottom_frame (http://localhost:3001/node_modules/.vite/deps/react-dom_client.js?v=0221216b:18509:20)
    at renderWithHooks (http://localhost:3001/node_modules/.vite/deps/react-dom_client.js?v=0221216b:5654:24)
    at updateFunctionComponent (http://localhost:3001/node_modules/.vite/deps/react-dom_client.js?v=0221216b:7475:21)
    at beginWork (http://localhost:3001/node_modules/.vite/deps/react-dom_client.js?v=0221216b:8525:20)
    at runWithFiberInDEV (http://localhost:3001/node_modules/.vite/deps/react-dom_client.js?v=0221216b:997:72)
    at performUnitOfWork (http://localhost:3001/node_modules/.vite/deps/react-dom_client.js?v=0221216b:12561:98)
    at workLoopSync (http://localhost:3001/node_modules/.vite/deps/react-dom_client.js?v=0221216b:12424:43)
    at renderRootSync (http://localhost:3001/node_modules/.vite/deps/react-dom_client.js?v=0221216b:12408:13) @ http://localhost:3001/node_modules/.vite/deps/react-router-dom.js?v=0221216b:6608
[ 4554914ms] [ERROR] Failed to load resource: the server responded with a status of 404 () @ http://localhost:8080/api/v1/business-profile:0
[ 4554915ms] [ERROR] businessProfile.load failed Error: Request to /api/v1/business-profile failed with 404
    at request (http://localhost:3001/services/apiClient.ts?t=1788011296106:27:11) @ http://localhost:3001/services/profileContext.tsx?t=1788011296106:46
[ 4555754ms] [INFO] %cDownload the React DevTools for a better development experience: https://react.dev/link/react-devtools font-weight:bold @ http://localhost:3001/node_modules/.vite/deps/react-dom_client.js?v=0221216b:20102
[ 4555915ms] [ERROR] Failed to load resource: the server responded with a status of 404 () @ http://localhost:8080/api/v1/business-profile:0
[ 4555915ms] [ERROR] businessProfile.load failed Error: Request to /api/v1/business-profile failed with 404
    at request (http://localhost:3001/services/apiClient.ts?t=1788011296106:27:11) @ http://localhost:3001/services/profileContext.tsx?t=1788011296106:46
[ 4564268ms] [ERROR] Error handled by React Router default ErrorBoundary: Error: useAuth must be used within an AuthProvider
    at useAuth (http://localhost:3001/services/auth.tsx?t=1788011296106:63:19)
    at AuthGate (http://localhost:3001/components/auth/AuthGate.tsx?t=1788011296106:7:31)
    at Object.react_stack_bottom_frame (http://localhost:3001/node_modules/.vite/deps/react-dom_client.js?v=0221216b:18509:20)
    at renderWithHooks (http://localhost:3001/node_modules/.vite/deps/react-dom_client.js?v=0221216b:5654:24)
    at updateFunctionComponent (http://localhost:3001/node_modules/.vite/deps/react-dom_client.js?v=0221216b:7475:21)
    at beginWork (http://localhost:3001/node_modules/.vite/deps/react-dom_client.js?v=0221216b:8525:20)
    at runWithFiberInDEV (http://localhost:3001/node_modules/.vite/deps/react-dom_client.js?v=0221216b:997:72)
    at performUnitOfWork (http://localhost:3001/node_modules/.vite/deps/react-dom_client.js?v=0221216b:12561:98)
    at workLoopSync (http://localhost:3001/node_modules/.vite/deps/react-dom_client.js?v=0221216b:12424:43)
    at renderRootSync (http://localhost:3001/node_modules/.vite/deps/react-dom_client.js?v=0221216b:12408:13) @ http://localhost:3001/node_modules/.vite/deps/react-router-dom.js?v=0221216b:6569
[ 4564277ms] [ERROR] Error handled by React Router default ErrorBoundary: Error: useAuth must be used within an AuthProvider
    at useAuth (http://localhost:3001/services/auth.tsx?t=1788011296106:63:19)
    at AuthGate (http://localhost:3001/components/auth/AuthGate.tsx?t=1788011296106:7:31)
    at Object.react_stack_bottom_frame (http://localhost:3001/node_modules/.vite/deps/react-dom_client.js?v=0221216b:18509:20)
    at renderWithHooks (http://localhost:3001/node_modules/.vite/deps/react-dom_client.js?v=0221216b:5654:24)
    at updateFunctionComponent (http://localhost:3001/node_modules/.vite/deps/react-dom_client.js?v=0221216b:7475:21)
    at beginWork (http://localhost:3001/node_modules/.vite/deps/react-dom_client.js?v=0221216b:8525:20)
    at runWithFiberInDEV (http://localhost:3001/node_modules/.vite/deps/react-dom_client.js?v=0221216b:997:72)
    at performUnitOfWork (http://localhost:3001/node_modules/.vite/deps/react-dom_client.js?v=0221216b:12561:98)
    at workLoopSync (http://localhost:3001/node_modules/.vite/deps/react-dom_client.js?v=0221216b:12424:43)
    at renderRootSync (http://localhost:3001/node_modules/.vite/deps/react-dom_client.js?v=0221216b:12408:13) @ http://localhost:3001/node_modules/.vite/deps/react-router-dom.js?v=0221216b:6569
[ 4564280ms] [ERROR] %o

%s

%s
 Error: useAuth must be used within an AuthProvider
    at useAuth (http://localhost:3001/services/auth.tsx?t=1788011296106:63:19)
    at AuthGate (http://localhost:3001/components/auth/AuthGate.tsx?t=1788011296106:7:31)
    at Object.react_stack_bottom_frame (http://localhost:3001/node_modules/.vite/deps/react-dom_client.js?v=0221216b:18509:20)
    at renderWithHooks (http://localhost:3001/node_modules/.vite/deps/react-dom_client.js?v=0221216b:5654:24)
    at updateFunctionComponent (http://localhost:3001/node_modules/.vite/deps/react-dom_client.js?v=0221216b:7475:21)
    at beginWork (http://localhost:3001/node_modules/.vite/deps/react-dom_client.js?v=0221216b:8525:20)
    at runWithFiberInDEV (http://localhost:3001/node_modules/.vite/deps/react-dom_client.js?v=0221216b:997:72)
    at performUnitOfWork (http://localhost:3001/node_modules/.vite/deps/react-dom_client.js?v=0221216b:12561:98)
    at workLoopSync (http://localhost:3001/node_modules/.vite/deps/react-dom_client.js?v=0221216b:12424:43)
    at renderRootSync (http://localhost:3001/node_modules/.vite/deps/react-dom_client.js?v=0221216b:12408:13) The above error occurred in the <AuthGate> component. React will try to recreate this component tree from scratch using the error boundary you provided, RenderErrorBoundary. @ http://localhost:3001/node_modules/.vite/deps/react-dom_client.js?v=0221216b:7000
[ 4564281ms] [ERROR] React Router caught the following error during render Error: useAuth must be used within an AuthProvider
    at useAuth (http://localhost:3001/services/auth.tsx?t=1788011296106:63:19)
    at AuthGate (http://localhost:3001/components/auth/AuthGate.tsx?t=1788011296106:7:31)
    at Object.react_stack_bottom_frame (http://localhost:3001/node_modules/.vite/deps/react-dom_client.js?v=0221216b:18509:20)
    at renderWithHooks (http://localhost:3001/node_modules/.vite/deps/react-dom_client.js?v=0221216b:5654:24)
    at updateFunctionComponent (http://localhost:3001/node_modules/.vite/deps/react-dom_client.js?v=0221216b:7475:21)
    at beginWork (http://localhost:3001/node_modules/.vite/deps/react-dom_client.js?v=0221216b:8525:20)
    at runWithFiberInDEV (http://localhost:3001/node_modules/.vite/deps/react-dom_client.js?v=0221216b:997:72)
    at performUnitOfWork (http://localhost:3001/node_modules/.vite/deps/react-dom_client.js?v=0221216b:12561:98)
    at workLoopSync (http://localhost:3001/node_modules/.vite/deps/react-dom_client.js?v=0221216b:12424:43)
    at renderRootSync (http://localhost:3001/node_modules/.vite/deps/react-dom_client.js?v=0221216b:12408:13) @ http://localhost:3001/node_modules/.vite/deps/react-router-dom.js?v=0221216b:6608
[ 4564332ms] [ERROR] Error handled by React Router default ErrorBoundary: Error: useAuth must be used within an AuthProvider
    at useAuth (http://localhost:3001/services/auth.tsx?t=1788011296106:63:19)
    at AuthGate (http://localhost:3001/components/auth/AuthGate.tsx?t=1788011296106:7:31)
    at Object.react_stack_bottom_frame (http://localhost:3001/node_modules/.vite/deps/react-dom_client.js?v=0221216b:18509:20)
    at renderWithHooks (http://localhost:3001/node_modules/.vite/deps/react-dom_client.js?v=0221216b:5654:24)
    at updateFunctionComponent (http://localhost:3001/node_modules/.vite/deps/react-dom_client.js?v=0221216b:7475:21)
    at beginWork (http://localhost:3001/node_modules/.vite/deps/react-dom_client.js?v=0221216b:8525:20)
    at runWithFiberInDEV (http://localhost:3001/node_modules/.vite/deps/react-dom_client.js?v=0221216b:997:72)
    at performUnitOfWork (http://localhost:3001/node_modules/.vite/deps/react-dom_client.js?v=0221216b:12561:98)
    at workLoopSync (http://localhost:3001/node_modules/.vite/deps/react-dom_client.js?v=0221216b:12424:43)
    at renderRootSync (http://localhost:3001/node_modules/.vite/deps/react-dom_client.js?v=0221216b:12408:13) @ http://localhost:3001/node_modules/.vite/deps/react-router-dom.js?v=0221216b:6569
[ 4564335ms] [ERROR] Error handled by React Router default ErrorBoundary: Error: useAuth must be used within an AuthProvider
    at useAuth (http://localhost:3001/services/auth.tsx?t=1788011296106:63:19)
    at AuthGate (http://localhost:3001/components/auth/AuthGate.tsx?t=1788011296106:7:31)
    at Object.react_stack_bottom_frame (http://localhost:3001/node_modules/.vite/deps/react-dom_client.js?v=0221216b:18509:20)
    at renderWithHooks (http://localhost:3001/node_modules/.vite/deps/react-dom_client.js?v=0221216b:5654:24)
    at updateFunctionComponent (http://localhost:3001/node_modules/.vite/deps/react-dom_client.js?v=0221216b:7475:21)
    at beginWork (http://localhost:3001/node_modules/.vite/deps/react-dom_client.js?v=0221216b:8525:20)
    at runWithFiberInDEV (http://localhost:3001/node_modules/.vite/deps/react-dom_client.js?v=0221216b:997:72)
    at performUnitOfWork (http://localhost:3001/node_modules/.vite/deps/react-dom_client.js?v=0221216b:12561:98)
    at workLoopSync (http://localhost:3001/node_modules/.vite/deps/react-dom_client.js?v=0221216b:12424:43)
    at renderRootSync (http://localhost:3001/node_modules/.vite/deps/react-dom_client.js?v=0221216b:12408:13) @ http://localhost:3001/node_modules/.vite/deps/react-router-dom.js?v=0221216b:6569
[ 4564338ms] [ERROR] %o

%s

%s
 Error: useAuth must be used within an AuthProvider
    at useAuth (http://localhost:3001/services/auth.tsx?t=1788011296106:63:19)
    at AuthGate (http://localhost:3001/components/auth/AuthGate.tsx?t=1788011296106:7:31)
    at Object.react_stack_bottom_frame (http://localhost:3001/node_modules/.vite/deps/react-dom_client.js?v=0221216b:18509:20)
    at renderWithHooks (http://localhost:3001/node_modules/.vite/deps/react-dom_client.js?v=0221216b:5654:24)
    at updateFunctionComponent (http://localhost:3001/node_modules/.vite/deps/react-dom_client.js?v=0221216b:7475:21)
    at beginWork (http://localhost:3001/node_modules/.vite/deps/react-dom_client.js?v=0221216b:8525:20)
    at runWithFiberInDEV (http://localhost:3001/node_modules/.vite/deps/react-dom_client.js?v=0221216b:997:72)
    at performUnitOfWork (http://localhost:3001/node_modules/.vite/deps/react-dom_client.js?v=0221216b:12561:98)
    at workLoopSync (http://localhost:3001/node_modules/.vite/deps/react-dom_client.js?v=0221216b:12424:43)
    at renderRootSync (http://localhost:3001/node_modules/.vite/deps/react-dom_client.js?v=0221216b:12408:13) The above error occurred in the <AuthGate> component. React will try to recreate this component tree from scratch using the error boundary you provided, RenderErrorBoundary. @ http://localhost:3001/node_modules/.vite/deps/react-dom_client.js?v=0221216b:7000
[ 4564339ms] [ERROR] React Router caught the following error during render Error: useAuth must be used within an AuthProvider
    at useAuth (http://localhost:3001/services/auth.tsx?t=1788011296106:63:19)
    at AuthGate (http://localhost:3001/components/auth/AuthGate.tsx?t=1788011296106:7:31)
    at Object.react_stack_bottom_frame (http://localhost:3001/node_modules/.vite/deps/react-dom_client.js?v=0221216b:18509:20)
    at renderWithHooks (http://localhost:3001/node_modules/.vite/deps/react-dom_client.js?v=0221216b:5654:24)
    at updateFunctionComponent (http://localhost:3001/node_modules/.vite/deps/react-dom_client.js?v=0221216b:7475:21)
    at beginWork (http://localhost:3001/node_modules/.vite/deps/react-dom_client.js?v=0221216b:8525:20)
    at runWithFiberInDEV (http://localhost:3001/node_modules/.vite/deps/react-dom_client.js?v=0221216b:997:72)
    at performUnitOfWork (http://localhost:3001/node_modules/.vite/deps/react-dom_client.js?v=0221216b:12561:98)
    at workLoopSync (http://localhost:3001/node_modules/.vite/deps/react-dom_client.js?v=0221216b:12424:43)
    at renderRootSync (http://localhost:3001/node_modules/.vite/deps/react-dom_client.js?v=0221216b:12408:13) @ http://localhost:3001/node_modules/.vite/deps/react-router-dom.js?v=0221216b:6608
[ 4565176ms] [INFO] %cDownload the React DevTools for a better development experience: https://react.dev/link/react-devtools font-weight:bold @ http://localhost:3001/node_modules/.vite/deps/react-dom_client.js?v=0221216b:20102
[ 4565572ms] [ERROR] Failed to load resource: the server responded with a status of 404 () @ http://localhost:8080/api/connections:0
[ 4565586ms] ApiError: GET /api/connections failed with 404
    at request (http://localhost:3001/services/apiClient.ts?t=1788011305786:35:11)
[ 4565615ms] [ERROR] Failed to load resource: the server responded with a status of 404 () @ http://localhost:8080/api/posts:0
[ 4704491ms] [INFO] %cDownload the React DevTools for a better development experience: https://react.dev/link/react-devtools font-weight:bold @ http://localhost:3001/node_modules/.vite/deps/react-dom_client.js?v=0221216b:20102
[ 4704671ms] [ERROR] Failed to load resource: the server responded with a status of 404 () @ http://localhost:8080/api/posts:0
[ 4704672ms] [ERROR] Failed to load resource: the server responded with a status of 404 () @ http://localhost:8080/api/connections:0
[ 4704682ms] ApiError: GET /api/connections failed with 404
    at request (http://localhost:3001/services/apiClient.ts?t=1788011305786:35:11)
